============================================================
Обновление валют: 2026-09-17T19:22:52.489Z
BASE_CURRENCY: EUR
FIX_COEF: 1.022704029453876
============================================================
EUR   |          1 ->          1 | БАЗОВАЯ ВАЛЮТА
CHF   |       0.96 ->       0.97 | +1.04%
CZK   |      24.67 ->      24.89 | +0.89%
GBP   |       0.88 ->       0.88 | +0.00%
PLN   |       4.41 ->       4.46 | +1.13%
HUF   |     370.98 ->     372.91 | +0.52%
DKK   |       7.65 ->       7.65 | +0.00%
SEK   |      11.32 ->      11.55 | +2.03%
NOK   |      11.12 ->      11.06 | -0.54%
RUB   |        100 ->     100.00 | +0.00%
BGN   |          2 ->          2 | НЕ ИЗМЕНЯЕТСЯ
RON   |       5.37 ->       5.39 | +0.37%
TRY   |      57.44 ->      57.33 | -0.19%
ALL   |      94.64 ->      93.74 | -0.95%
BAM   |          2 ->       2.00 | +0.00%
MKD   |       62.9 ->      63.04 | +0.22%
RSD   |     119.99 ->     120.19 | +0.17%
UAH   |      53.46 ->      52.57 | -1.66%
KZT   |     548.22 ->     525.61 | -4.12%
BYN   |       3.57 ->       3.57 | +0.00%
CNY   |       8.03 ->       7.90 | -1.62%
============================================================
Обновление валют: 2026-09-17T19:25:13.508Z
BASE_CURRENCY: EUR
FIX_COEF: 1.022704029453876
============================================================
EUR   |          1 ->          1 | БАЗОВАЯ ВАЛЮТА
CHF   |     0.9462 ->       0.97 | +2.52%
CZK   |     24.341 ->      24.89 | +2.26%
GBP   |     0.8576 ->       0.88 | +2.61%
PLN   |     4.3573 ->       4.46 | +2.36%
HUF   |     364.66 ->     372.91 | +2.26%
DKK   |     7.4808 ->       7.65 | +2.26%
SEK   |    11.2916 ->      11.55 | +2.29%
NOK   |    10.8113 ->      11.06 | +2.30%
RUB   |      97.19 ->     100.00 | +2.89%
BGN*  |     1.9558 ->     1.9558 | НЕ ИЗМЕНЯЕТСЯ
RON   |     5.2694 ->       5.39 | +2.29%
TRY   |     56.059 ->      57.33 | +2.27%
ALL   |      91.67 ->      93.74 | +2.26%
BAM   |     1.9558 ->       2.00 | +2.26%
MKD   |     61.644 ->      63.04 | +2.26%
RSD   |     117.53 ->     120.19 | +2.26%
UAH   |     51.407 ->      52.57 | +2.26%
KZT   |     513.98 ->     525.61 | +2.26%
BYN   |     3.4936 ->       3.57 | +2.19%
CNY   |     7.7252 ->       7.90 | +2.26%
